
??:
:
:^
[...]
="
*
⌘
:ammonit
aqua:
aqua:blue_dot
aqua:orange_dot
aqua:purple_dot
aqua:white_bar
azul:CLD2
azul:CLD3
azul:CLD4
azul:CLD5
azure:blue_dot
azure:green_dot
azure:orange_dot
azure:purple_dot
azure:violet_dot
A2:white
bee
bigtree
black
black:
black:-
black:^
black:A1
black:A10
black:A2
black:A3
black:A4
black:A5
black_bar
:black_bar
black:black
black:black_Rectangle
black:Black-rectangle
black:black_retangle
blackblue_bar
black:BR
black:B4
black:B5
black:B6
black_circle
black_circle:
:black_circle
black_circle:A
black_circle:B
black_circle:black_horse
black_circle:celtic_head
black_circle:L8
black_circle:red_rat
black_circle:white
black_circle:25
:black_corcle
:black_cross
black:D
black:Delta
black:DH
black_diamond
black_diamond:white_diamond
black_dot
:black_dot
black:E8
black_frame:
black:GEO
black:GLH
black:green
black:green_low
black:grey_bar
black:G1
black_hiker
black:H0
black:H1
black:H10
black:H12
black:H2
black:H3
black:H4
black:H5
black:H6
black:H7
black:H8
black:H9
black:J
black:KKS
black:KwR
black:N
black:none
black:pink_bar
black:pink_hiker
black_pointer
:black_pointer
black_pointer_line:K
black:PW
black_round:
black:R3
black:S
black:SKH
black:Sli_square
:black_stripe
black_triangle_turned:
black:white
black:white_square
black:white_wolfshook
black:wolfshook
black:WWJ
black:W1
black:W2
black:W3
:black_x
black:X
black:X8
black:yellow
black:22
black:3
black:5
blau-gelb-blau
blau:schwarz
Blau-weis
blue
blue:
:blue
:blue_arrow
blue:AW65
blue_bar
:blue_bar
blue_bar:blue_bar
blue_bar:RBW
blue:blue
blue:blue_recangle
blue:bluerectangle
blue:Buit
blue_circle
blue_circle:
:blue_circle
blue_circle:A
blue_circle:B
blue_circle;blue_dot
blue_circle:GL
blue_circle:L8
blue_circle:L9
bluecircle:Nellele-Rundweg
blue_circle:17
blue_cross
blue:DHB
blue_diamond
:blue_diamond
blue_diamond:blue_dot
blue_diamond_line:grey_diamond
blue_dot
blue_dot:
:blue_dot
blue_dot:blue_dot
blue_dot:3
blue_drop
blue:E-R6
blue_fork
blue_frame
blue_frame:
blue_frame:Bijl
blue_frame:Gag
blue_frame:2T
blue_frame:5WT
blue:F3
blue:GF
blue:gree_lower
blue:green_frog
blue:HBW
blue:HF8
blue:H-G
blue_hiker
blue:HW
blue:H10
blue:H5
blue:ICT
blue:KARA
blue:KLW
blue:KR
blue:KWO
blue:K1
blue:LA
blue:LDt
:blue_lower
blue:LP
blue:L8
blue:MPf
blue:NGg
blue:NHS
blue:NLS
blue:NNk
blue:none
blue:NSS
blue:NTW
blue:OZW
blue:PO
blue_pointer
:blue_pointer
blue:PW
blue:R
blue_rectangle
blue_rectangle:
:blue_rectangle
blue_rectangle:GT
blue_rectangle:HB
blue_rectangle:SPxx
blue_rectangle:SP110
blue_rectangle:SP159
blue_rectangle:SP35
blue_rectangle:SP52
blue_rectangle:SP78
blue_rectangle:XX###
blue_round
blue_round:
:blue_round
blue_round:B
blue_round:black
blue_round:blue_round
blue_round:nonde
blue_round:none
blue_round:white
blue_round:ZHL
blue_round:12
blue_round:2
blue_round:7
blue_round:8
blue:RWW1
blue:R13
blue:S
blue:SHK
blue:SlR
blue:STK
blue_stripe
:blue_stripe
blue_triangle:
:blue_triangle
blue_triangle_turned
blue_triangle_turned:
blue:TWR
blue:WA
blue:WBw
blue:Wew
blue:WG
:blue_wheelchair
blue_white_bar
blue:white_star
blue:WWW
blue_x
:blue_x
blue:ZU
blue:10
blue:1.4
blue:2
blue:3
blue:3KM
blue:3.9
blue:4
blue:★4
blue:80
blue:9
blu:red_bar
blu:white_bar
blu:yellow_bar
braun:none
bridleway
brown
brown:
brown_bar
:brown_bar
brown:black
brown:Blender-Tour
brown:brown
brown:brownR
brown:castle
brown_circle:
:brown_diamond
brown_dot:
brown:EA
brown:F1
:brown_hiker
brown:H1
brown:none
brown:PL
:brown_pointer
brown:RKr
brown_round
:brown_signpost
brown:SNP
brown:W
brown:WBT
brown;white;black_ammonit
brown;white;brown;L
brown_white:pointer
brown:white_round
brown:WLP
brown:1
brown:15
brown:3
brown:6
C:blue
cc:black
cyan:
cyan:AA
cyan_dot
cyan:green_dot
cyan_stripe
darkblue
#ddb287:
default
Distinctive_emblem_for_cultural_property.svg|16px]]
due
education
ewd:white_stripe
E6
#E8ADAA
:F.
fish
fixme
fuchsia:3
g
:G
Gelb
GH
Giswil
golden:
golden_web
gray
gray:
gray:gray_bar
gray:none
gray_triangle
gree
green
green:
:green
:green_arrow
green:B
green_backslash
green_bar
:green_bar
green:BH
green:black
green:black_bike
green:blue
green_circle
green_circle:
:green_circle
green_circle:A1
green_circle:green_horse
green_circle:M1
green_circle:M3
green_circle:M4
green_corner
:green_cross
green_diamond
:green_diamond
green_dot
:green_dot
green_dot:4
Green_drop_filled.png
green:DRW
green:EWkE
green:fork_blue
green_frame
green_frame:
green_frame:green_bike
green_frame:IBP
green_frame:MST
green_frame:MWW
green_frame:none
green_frame:R1
green_frame:T1
green_frame:T5
green_frame:T6
green_frame:VS
green_frame:WEP
green_frame:white
green_frame:1
green:F5
green:green
green:green_bachslash
green:green_frame
green;green_frame;green_dot;black
green:green-rectangle
green:green_rectnagle
green:green_round
green_hexagon:green
green:HF7
green_horse
green:HW
green:H1
green:H3
green:h4
green:IRA
green:jellow_dot
green:KBP
green:KVO
:green_lower
green:MIL
green:MR
green:MU
green:M1
green:M2
green:M3
green:NAM
green:NAW
green:NEt
green:NHB
green:NKD
green:NNg
green:none
green:NRU
green:NUR
green:N1
green:N10
green:N2
green:N6
green:N7
green:O1
green:O2
green:O3
green:O4
green:O5
green:O6
green:O7
green:O9
green_pointer
:green_pointer
green_pointer:white_fork
green:purble
green:purple
green:R
green_rectangle
green_rectangle:A1
green_rectangle:BR
:green_rectangle_line
green:red
green_round
green_round:
:green_round
green_round:black
green_round:green
green_round:M
green_round:15
green_round:16
green:RWW7
green:RW7
green:R1
green:R10
green:R2
green:R3
green_slash
green:Sol
green_square
:green_stripe
green:STW
green:S1
green:S2
green:S3
green:S4
green:TJS
green:TL
green_triangle
green_triangle:
:green_triangle
green:TW
green:U2
green:W
green:WdS
green_web
green:WFG
green:white
green:white_foot
green:white_frame
green:white_leaf
green:white_rider
green:white_sheep
green:white_strip
green:whitgreen
green:WK
green:WLM
green:WLP
green:write_bar
green:WWW
green:W4
green:w5
green:W6
green:W7
green:W8
green:W9
:green_x
green:yellow
Green:yellow_triangle
green:1
green:10
green:16
green:2
green:2.2
green:3
green:39
green:4
green:7
green:8
green:897
grey
grey:
grey:black_triangle
grey:blue_dot
grey_frame:white_bar
grey:grey_bar
grey:none
grey:red_dot
grreen
heart
:HF7
hiker
:hiker
indigo_stripe
:JWH
Kein
Keine
KF
l
light
light_blu:
lightblue:black_dot
lightblue_diamond:blue_dot
lightblue:red_dot
lightblue_stripe
lightbrown:blue_dot
lightbrown:red_dot
line
losange
lwl
L01
magenta:4.5
Männl.
maroon:
maroon:lime_bar
maroon_round:CSC
maroon_web
mine
:mine
Muntii
:NHM
no
no_marker
none
none:gray_triangle
none:green_triange
none;none
none:none
none:white_horse
Nur
oramge:AP
orange
orange:
:orange
orange:AHW
orange_arrow
orange_bar
:orange_bar
orange:black
orange:BUN
orange_circle:
:orange_diamond
orange_diamond:black_bar
orange_dot
:orange_dot
orange_dot:5
orange:E1
:orange_fork
orange_frame:
orange:F3
orange:gray_bar
orange:green
orange:KS
orange:Main
orange:N
orange:none
orange:orange
orange:orange_rectangel
orange_pointer:
orange_round
orange_round:
orange_round:black
orange_round:2
orange_round:3
orange_round:5
orange:SL
orange:SL1
orange:SL2
orange:SL3
orange:SL4
orange:SL5
:orange_stripe
orange_triangle
:orange_triangle_turned
orange:white
orange_white_orange_arch
orange:white_upper
orange:1
orange:15
orange:6
orang:none
pink
:pink_bar
pink:black_dot
pink_diamond
pink:red_dot
pink:white_stripe
PR"
Punkt_Gelb.png
purple
purple:
purple:-
:purple
purple:Archeo
purple:A10
purple:A11
purple_circle
purple_circle:
purple:DGG
:purple_diamond
purple_diamond:blue_dot
purple_diamond:csc
:purple_dot
purple:DP
purple_frame:
purple:none
purple:P
purple:purple
purple_round
purple_round:
:purple_round
purple:RTw
purple:RWS
purple:SH
purple:SCHM
purple:SKL
purple:TKW
purple_web
purple:W1
purple:08
purple:15
purple:3
purple:4
purple:5
purple:8
Raute
red
red:
:red
red_arrow:
:red_arrow
red_bar
:red_bar
red_bar:white_lower
red_bar][[:yellow_lower]
red:BE1
red:black_horse
red:Boschi
red:BT
red:BTT
red:B1
red:B2
red:B3
red_circle
red_circle:
:red_circle
red_circle:L8
red_circle:red_triangle_turned_S_purple
red_circle:S1
red_circle:S3
red_circle:12
red_circle:15
red_circle:2
red_circle:3
red_corner:
red_diamond
:red_diamond
red_diamond:blue_dot
red_dot
:red_dot
red_dot:tower
red_dot:2
:red_drop
red:EKW
red:FA
red_frame
red_frame:
red_frame:Bijl
red_frame:KrM
red_frame:K1
red_frame:none
red:FW
red:F2
red:GBD
red:gold
red:Gouw
red:gray_stripe
red;green_frame;red_dot;black
red:GWP
red_hiker
red:HKR
red;;Hk1;red;white
red:H2
red:H6
red:H9
red_lower:yellow_bowl
red_lower:68
red_lower:72
red:L11
red:M1
red:M2
red:none
red_pointer
:red_pointer
red_pointer:white_stripe
red:PT
red_rectangel:
red_rectangle:
:red_rectangle
red_rectangle:3B
red:red
red:Red_under
red_round
red_round:
:red_round
red_round:black
red_round:M
red_round:N1
red_round:N3
red_round:red_round
red_round:white
red_round:white_arrow
red_round:1
red_round:13
red_round:6
red:rred
red:RWR
red:RWW6
red:S
red:SBB38
red:SGT
red_stripe
:red_stripe
:red_tiangle
red_triangle:
:red_triangle
red:white
red:white_
red/white
red:whitebar
red_white_bar:VL7A
red:white_bicycle
red:white_man
red:white_sripe
red:white_stipe
red:white_strep
red:white_stripe_A47a
red:white_stripe_G20
red:white_striper
red_white_stripe:VL4
red:white_stripe_VU2a
red:white_stripe_Z8
red_white_stripe:737
red:white_strype20
red/whitw
red:wite_stripe
red:withe_bar
red_x
:red_x
red:1
red:11
red:12
red:2M
red:3S
red:5
red:5KM
red:7
red:8
red:9
ROM
Roter
Rot-Weiß
Rot/Weiß
rted:white_stripe
Rundwanderweg
RWW
shell
shell_modern
:shell_modern
Schwarze
Schwarzer
Schwarz7_auf_gelbem_rechteck
Schwarz8_auf_gelbem_rechteck
silver_web
symbol
symbol=blue:blue_round
symbol=blue:white
Symbol_E10.png
symbol=green:white
Symbol_Jakobsweg.svg
symbol=red:red
symbol=red:red_round
symbol=yellow:white
symbol=yellow:yellow
Tauplitz
teal:
text:black
TIE
TK7
tower
:tower
tower:black
Tschierweg-Alexanderhütte-Millstätter
unknown
Valllorbe
violet
way
wegfarbe
Weiß
weiße
Weisse
wheite:green_dot
whiite:blue_diamond
whiite:grey_pointer
whit
whit:black_cross
white
white:
white:\
white:=
white:+
white:𐂂
:white
white:A
white:AC
white:AW
white:A2
white:B
white_bar
:white_bar
white_bar:blue
white_bar:blue_circle
white_bar:GAB
white_bar:GAB.
white:barva_backslash
white:barva_turned_T
white_bar:21
white:BgD
white:black
white:black_anchor
whiteblack_bar
white:black_bicycle
white:black_bike
white:black_circle_large
white_black_diamond
white:black_drop_line
white:black_frame
white:black_horse
white:black_pointer_line
white:black_red_diamond
white:black_rider
white:black_T
white:black_&#62;
white:blau_bar
white:blue
white:blue_backlash
white:blue_bar;green
white:blue_bars
white:blue_bicycle
white:blue_blackslash
white:blue_blue_diamond
white:blue_C
white:blue_diamont
white:blue_drop
white:blue_fish
white:blue_frame
white:blue_gull
white:blue_house
white:blue_chapel
white:blue_memorial
white:blue_miner
white:blue_stamp
white:blue_T
white:blue_white
white:blueyellow
white:blu_lower
white:bred_turned_T
white:bridleway
white:brown_arrow
white:brown_oak_leaf
white:brown_X
white:BT
white:B1
white:B2
white:B3
white:B4
white:B5
white:B6
white_circle
white_circle:
:white_circle
white_circle:A4
white_circle:Ha3
white_circle:none
white_circle:RG2
white_circle:R1
white_circle:R2
white_circle:S2
white_circle:S3
white_circle:V
white_cirkle:1
white:color_backslash
white:color_bar
white:color_corner
white_corner
white:cyan_lower
white:cyan_pointer
white:cycle_green
white:D
white:darkblue_stripe
:white_diamond
white_diamond_line
white_dot:
:white_dot
white_dot:green_triangle
white_dot:1
white:D2
white:EBM
white:EW
white:E4
white:F
white:face
white:Fe1
white:GDR
white:geen_bar
white:Glw
white:gold_pointer
white:GR
white:gray_pointer
white:green
white:green_arrow
white:green_backshlash
white:green_bacslash
White:Green_bar
white:green_bat
white:green_bicycle
white:green_blackslash
White:green_cross
white:green_diamont
white:green_drop
white:green_drop_line
white:green_foot
white:green_frame
white:green_chapel
white:green_oak_leaf
white:green_oval
white:green_round
white:green_slah
white:green_snake
white:green_square
white:green_stripe_double
white:green_T
white:green_tree
white:green_triangel
white:green_Z
white:grey
white:grey_backslash
white:GRR
white:grren_bar
white:GRS
white:GWW
white:H
white:Hex
white:HLP
white:HR
white:K
white:Kl
white:KWF
white:K1
white:K2
white:Lb
white:LDB
white:LES
:white_lower
white_lower:12
white:L17
white:L18
white:L19
white:M
white:MB
white:MDR
white:N
white:NGt
white:NLP
white:none
white:nordic_walking
white:NW
white:O
white:orange_flower
white:orange_round
white:pink_bar
white:pink_dot
white_pointer
:white_pointer
white_pointer:BW
white:PS
white:puple_backslash
white:purle_pointer
white:purple
white_purple:
white:purple_boat
white:purple_chapel
white:purple_trapezium
white:R
white:radweg
white:re_bar
white_rectangle:
white:red
white:red_arrow
white:red-bar
white:red_bar;green
white:red_bicycle
white:red_bike
white:red_crown
white:red_drop
white:red_drop_line
white:red_flower
white:red_fox
white:red_frame
white:red_grape
white:red_green_bar
white:red_house
white:red_chapel
white:red_peak
white:red_polish_underground
white:red_round
white:red_RT
white:red_runner
white:red_T
white:red_white
white:red_X
white:Reh
white:rgreen_bar
white_round
white_round:
white_round:bird
white_round:black
white_round:blu_dot
white_round:wp
white_round:1
white_round:3
white_round:4
white:RS
white:runner
white:RVR
white:R1a
white:R2
white:R3
white:R3a
white:R4
white:R5
white:R6
white:R7
white:R7a
white:R8
white:R9
white:S
white_square:
white:squirrel
white_stripe
white_stripe:D0
white_stripe:G0
white_stripe:H03
white_stripe:red_right
white_stripe:302
white:T
white:_T
white:Tk12
white:TN
white_triangle
white_triangle:
:white_triangle
white_triangle:blue_dot
white_triangle:green_dot
white_triangle:red_triangle
white:Tt
white:TT
:white_turned_T
:white_turned_V
white:two
white:ubh
white:V//
white:violet_bar
white:W
white:Waldachtaler
white:WdSt
white:white
white:white_green
white:WK1
white:Woud
white:WT
white:WW
white:W1
white:W11
white:W12
white:W2
white:W5
white:W7
white:X
white:yello_bar
white:yellow
white:yellow_backlash
white:yellow_bar_Nefl
white:yellow_baryellow
white:yellow_bicycle
white:yellow_cicle
white:yellow_cros
white_yellow_diamond
white:yellow_diamond;blue
white:yellow_dimond
white:yellow_dot,
white:yellow_FIXME_alternative
white:yellow_goblet
white:yellow_house
white:yellow_chapel
white:yellow_point
white:yellow_rectrangle
white:yellow_rhombus
white:yellow_round
white:yellow_runner
white:yellow_star
white:yellow_triangel
white_yellow_triangle
white:yellow_X
white:yelow_bar
white:ygreen_bar
white:1
white:10
white:100
white:11
white:12
white:13
white:14
white:2
white:2_yellow_bar
white:3
white:3a
white:3b
white:3_red_dot
white:3_yellow_dot
white:37
white:4
white:5
white:&#60;
white:&#60;5
white:π
whtie:blue_rectangle
wihte:yellow_point
wite:red_stripe
withe:blue_bar
withe:orange_diamond
withe:red_diamond
withe:yellow_bar
withe:yellow_lower
with:yellow_bar
:WON1
x
yellos:
yellow
yellow:
:yellow
yellow:Aand
yellow:AV
yellow_backslash
yellow-bar
yellow_bar
:yellow_bar
yellow_bar:black
yellow_bar:white
yellow_bar:yellow_bar
yellow_bar:yellow_circle
yellow_bar:yellow_dot
yellow_bar:10
yellow_bar:104
yellow_bar:58
yellow:BB
yellow:black
yellow:black_bike
yellow:black_horse
yellow:BLP
yellow:blue
yellow:blue_grape
yellow:blue_red_diamond
yellow_circle
yellow_circle:
:yellow_circle
yellow_circle:P10
yellow_circle:P16
yellow_circle:P18
yellow_circle:P2
yellow_circle:P20
yellow_circle:P4
yellow_circle:P6
yellow_circle:P9
yellow_circle:1
yellow_circle:2
yellow_circle:3
yellow_circle:30
yellow_circle:31
yellow_circle:32
yellow_circle:33
yellow_circle:4
yellow_circle:5
yellow_circle:6
yellow_cross
:yellow_cross
yellow:cyan_lower
:yellow_diamon
yellow_diamond
:yellow_diamond
yellow_diamond:blue_dot
yellow_diamond:yellow
:yellow_diamont
yellow_dot
yellow_dot:
:yellow_dot
yellow_dot:blue_bar_pointer
yellow_dot:brown_bar_pointer
yellow_dot:green_bar_pointer
yellow_dot:pink_bar_pointer
yellow_dot:purple_bar_pointer
yellow_dot:red_bar_pointer
yellow_dot:yellow_bar_pointer
yellow_dot:yellow_dot
yellow_dot:1
:yellow_dyamond
yellow_frame:
yellow_frame:F
yellow_frame:H
yellow_frame:HGT
yellow_frame:Themenwanderweg
yellow_framewhite:red_rectangle_line
yellow_frame:WSW
yellow_frame:Yellow_triangle
yellow:F4
yellow:gray_diamond
yellow:green
yellow:green_up_triangle
yellow_ground:green_bowl
yellow:GtB
yellow:GTK
yellow:G2
yellow:G5
yellow:G7
yellow:HBB
yellow:HF6
:yellow_hiker
yellow:H2
yellow:H8
yellow:I
yellow:KKW
yellow:KVB
yellow:KwR
yellow:LfK
yellow:lightyellow_lower
:yellow_lower
yellow_lower:120
yellow:MWB
yellow:NEK
yellow:NGK
yellow:none
yellow:none_bar
yellow:(o)
yellow:OS
yellow_pointer
yellow_pointer:
:yellow_pointer
yellow:PR
yellow:PT
yellow_rectangle
:yellow_rectangle
:yellow_rectangle_line
yellow:red
yellow:red_
yellow:red_blue_diamond
yellow:red_under
yellow_round
yellow_round:
:yellow_round
yellow_round:black
yellow_round:yellow
yellow_round:yellow_round
yellow_round:10C
yellow_round:12
yellow_round:2D
yellow_round:2E
yellow_round:35
yellow_round:5
yellow:RWA
yellow:R2
yellow:R4
yellow:R5
yellow:S
yellow_shell
yellow_slash
yellow:SMR
yellow_stripe
:yellow_stripe
yellow:SW
yellow:SWU
yellow:TAU
yellow_track
:yellow_tree
yellow_triangle
:yellow_triangle
:yellow_triangle_line
yellow_triangle_turned
yellow_triangle_turned:
yellow:WA
yellow:white
yellow:white_bicycle
yellow:white_black_diamond
yellow:white_blue_diamond
yellow:white_red_diamond
yellow:white_upper
yellow:Wildkräuterweg
yellow:WW
yellow_x
:yellow_x
yellow:yellow
yellow:yellow_rectangle1
yellow:yellow.51
yellow:1
yellow:10
yellow:13
yellow:14
yellow:16
yellow:18
yellow:19
yellow:2
yellow:2KM
yellow:20
yellow:21
yellow:24
yellow:3
yellow:4SWK
yellow:441
yellow:442
yellow:443
yellow:444
yellow:447
yellow:77
yellow:78
yellow:80
yellw_round:
Z0:black
Z00:black
#00ffff:
#00ffff:green_dot
#00ffff:purple_dot
#008bcc
#008080:
011:black
11:black
136
2
2:black
2010-01-01
273C
3:black
3:yellow
:4
#40E0D0
#4169e1:
7BT
#8EBE5F:#8EBE5F
#800000:
#800000_circle:
#888888
