
*
."
:
:^
=
="
??:
[...]
⌘
:ammonit
aqua
aqua:
aqua:blue_dot
aqua:orange_dot
aqua:purple_dot
aqua:white_bar
arrow:yellow_arrow
Auberge
azul:CLD2
azul:CLD3
azul:CLD4
azul:CLD5
azure:blue_dot
azure:green_dot
azure:orange_dot
azure:purple_dot
azure:violet_dot
A2:white
background:red_x
Bea
bee
bigtree
blac:black
black
black:
black:-
black:^
black:~
black:△
black:A1
black:A10
black:A2
black:A3
black:A4
black:A5
black:A6
:black_bar
black_bar
black:black
Black:black
black:black_frame
black:black_recangle
black:black_rectagle
black:black_rectangele
black:black_Rectangle
black:Black-rectangle
black:black_rectengle
black:black_retangle
black:black_square
blackblue_bar
black:BR
black:BUS
black:BzB
black:B1
black:B4
black:B5
black:B6
:black_circle
black_circle
black_circle:
black_circle:A
black_circle:B
black_circle:black
black_circle:black_arrow
black_circle:black_horse
black_circle:blue_tilde
black_circle:celtic_head
black_circle:L8
black_circle:red_rat
black_circle:white
black_circle:25
:black_corcle
:black_cross
black:D
black:DB
black:Delta
black:DH
:black_diamond
black_diamond
black_diamond:white_diamond
:black_dot
black_dot
black:D3
black:D4
black:E
black:ET
black:E1
black:E8
black:F
black:FBW
black_frame:
black_frame:none
black_frame:SC03
black_frame:22
black:F1
black:G
black:GEO
black:GLH
black:gold_dot
black:gray_hexagon
black:gray_pointer
black:green
black:green_low
black:grey_bar
black:GRG
black:G1
black:H
black:HANS
black_hiker
black:HP
black:HT
black:HW
black:H0
black:H1
black:H10
black:H12
black:H2
black:H3
black:H4
black:H5
black:H6
black:H7
black:H8
black:H9
blacki:black_rectangle
black:J
black:KKS
black:KT
black:Kv
black:KwR
black:K4
black:M
black:MBS
black_mill
black:MT
black:mtb
black:M1
black:M6
black:n
black:N
black:NaEr
black:none
black:pink_bar
black:pink_hiker
:black_pointer
black_pointer
black_pointer_line:K
black:PT
black:PVL
black:PW
black_rectangle:=
black_rectangle:white_circle
black_round
black_round:
black_round:NK2
black_round:white
black_round:yellow_up_arrow
black:RT
black:R3
black:S
black:SH
black:SKH
black:Sli_square
black:SM
black:SP
black:SSW
black:ST
:black_stripe
:black_triangle
black_triangle_turned:
black:U
black:U1
black:U2
black:V3
black:V4
black:W
black:WDDE
black:WFP
black:whie_diamond_line
black:white
black:white_⚒
black:white_arrow
black:white_drop
black:white_house
black;white;red_rectangle
black:white_right_pointer
black:white_square
black:white_wolfshook
black:wolfshook
black:WT
black:WWJ
black:W1
black:W18
black:W2
black:W20
black:W3
black:W7
black:W8
black:W9
:black_x
black:X
black:X28
black:X7
black:X8
black:yellow
black:yellow_arrow
black:01
black:03
black:04
black:05
black:06
black:07
black:1
black:10
black:12
black:13
black:14
black:15
black:16
black:18
black:19
black:2
black:20
black:22
black:27
black:3
black:30
black:32
black:33
black:34
black:&#34;~&#34;
black:35
black:36
black:40
black:41
black:5
black:5A
black:51
black:52
black:&#60;6&#62;
black:7
black:79
black:8
black:9
blau-gelb-blau
blau:schwarz
Blau-weis
bleu:yellow_lower
:blue
bl;ue:
blue
blue:
blue_:
blue:AC1
:blue_arrow
blue_arrow
blue:AW65
blue:A1
blue:A4
blue:B
:blue_bar
blue_bar
blue_bar:blue_bar
blue_bar:green_lower
blue_bar:RBW
blue_bar:3red_dot
blue:Ba1
blue:bleu
blue:blue
blue:blue_arrow
blue:blue_frame
blueblue:GRW
blue:blue_recangle
blue:bluerectangle
blue:blue-redtangle
blue;blue/white;white;W;gray
blue_bowl
blue:Buit
blue:CDF01
:blue_circle
blue_circle
blue_circle:
blue_circle:A
blue_circle:B
blue_circle;blue_dot
blue_circle:blue_trianlge
blue_circle:GL
blue_circle:L8
blue_circle:L9
bluecircle:Nellele-Rundweg
blue_circle:17
blue_cross
blue:C01
blue:C1
blue:D
blue:DHB
:blue_diamond
blue_diamond
blue_diamond:blue_dot
blue_diamond_line:grey_diamond
blue_diamond_line:white_diamond
:blue_dot
blue_dot
blue_dot:
blue_dot:blue_dot
blue_dot:white_circle
blue_dot:3
:blue_drop
blue_drop
blue:D01
blue:D1
blue:EPW
blue:E-R6
blue:E1
blue:E2
blue:E4
blue_fork
blue_frame
blue_frame:
blue_frame:Bijl
blue_frame:black_horse
blue_frame:blue
blue_frame:CFT
blue_frame:FT
blue_frame:Gag
blue_frame:S
blue_frame:white
blue_frame:2T
blue_frame:5WT
blue:FT
blue:F3
blue:GF
blue:gray_bar
blue:gray_wheel
blue:gree_lower
blue:green_frog
bluegreen:white
blue:HBW
blue:HF8
blue:H-G
blue_hiker
blue:HW
blue:H01
blue:H02
blue:H10
blue:H5
blue:I
blue:ICT
blue:KARA
blue:KLW
blue:KR
blue:Kra
blue:KWO
blue:K1
blue:LA
blue:LDt
:blue_lower
blue:lower_blue
blue:LP
blue:L8
blue:MPf
blue:MW
blue:NGg
blue:NHS
blue:NLS
blue:NNk
blue:none
blue:none_bar
blue:NP
blue:NSS
blue:NTW
blue:orange
blue:OZW
blue:Paznauner
blue:planet
blue:PO
:blue_pointer
blue_pointer
blue:PP
blue:PW
blue:R
:blue_rectangle
blue_rectangle
blue_rectangle:
blue_rectangle:GT
blue_rectangle:HB
blue_rectangle:planet
blue_rectangle:SPxx
blue_rectangle:SP110
blue_rectangle:SP159
blue_rectangle:SP35
blue_rectangle:SP52
blue_rectangle:SP78
blue_rectangle:XX###
blue:red_upper
:blue_round
blue_round
blue_round:
blue_round:B
blue_round:black
blue_round:blue_round
blue_round:nonde
blue_round:none
blue_round:white
blue_round:white_arrow
blue_round:white_drop
blue_round:yellow_house
blue_round:ZHL
blue_round:12
blue_round:2
blue_round:7
blue_round:8
blue:RWW1
blue:R1
blue:R13
blue:R2
blue:S
blue:SHK
blue:SKT
blue:SlR
blue:SLR
blue_square:white_arch
blue:STK
:blue_stripe
blue_stripe
blue:T
:blue_triangle
blue_triangle
blue_triangle:
:blue_triangle_line
blue_triangle_line:2
blue_triangle_line:9
blue_triangle_turned
blue_triangle_turned:
blue_turned_T
blue:TWR
blue:T5
blue_upper:green_lower
blue_upper:yellow_lower
blue:V
blue:Via
blue:V5
blue:W
blue:WA
blue:WBw
blue_web
blue:Wew
blue:WG
:blue_wheelchair
blue:white
blue:white_arrow
blue_white_bar
blue:white_cyclist
blue:white_drop
blue:white_star
blue:white_triangle_line_turned
blue:white_upper
blue:WWW
blue:W1
:blue_x
blue_x
blue:yellow
blue:ZU
blue:0
blue:01
blue:02
blue:03
blue:04
blue:05
blue:06
blue:07
blue:08
blue:09
blue:1
blue:10
blue:100
blue:101
blue:102
blue:104
blue:106
blue:108
blue:109
blue:11
blue:111
blue:12
blue:120
blue:13
blue:1.4
blue:14
blue:15
blue:16
blue:17
blue:18
blue:19
blue:2
blue:20
blue:21
blue:22
blue:23
blue:24
blue:25
blue:26
blue:27
blue:29
blue:3
blue:3KM
blue:3.0
blue:30
blue:31
blue:32
blue:33
blue:34
blue:35
blue:36
blue:37
blue:3.9
blue:39
blue:★4
blue:4
blue:40
blue:41
blue:42
blue:43
blue:44
blue:45
blue:49
blue:5
blue:50
blue:51
blue:52
blue:53
blue:55
blue:58
blue:.6
blue:6
blue:60
blue:61
blue:63
blue:64
blue:68
blue:7
blue:80
blue:81
blue:82
blue:83
blue:84
blue:85
blue:86
blue:87
blue:9
blue:90
blue:92
blue:95
blue:97
blue:98
blu:red_bar
blu:white_bar
blu:yellow_bar
böack:HT
braun:none
bridleway
brown
brown:
brown:AL
brown_arrow
brown:A2
brown:A5
:brown_bar
brown_bar
brown:black
brown:Blender-Tour
brown:brown
brown:brownR
brown:castle
brown_circle:
:brown_diamond
:brown_dot
brown_dot:
:brown_dots
brown:EA
brown_frame
brown_frame:
brown:F1
brown:G
:brown_hiker
brown:H1
brown:NaEr
brown:none
brown:PL
brown:planet
:brown_pointer
brown_rectangle:AT
brown:RKr
brown_round
brown_round:
brown_round:red
brown_round:white_arrow
brown:RR03
:brown_signpost
brown:SNP
brown:V1
brown:W
brown:WBT
brown:white
brown;white;black_ammonit
brown;white;brown;L
brown:white_planet
brown_white:pointer
brown:white_round
brown:WLP
brown:yellow
brown;yellow;brown_pointer
brown:yellow_frame
brown:1
brown&#127;&#127;&#127;&#127;:NaEr
brown:15
brown:3
brown:6
CAI;Comunità
C:blue
cc:black
ciolet:O
:circle
circle
Contrada
cyan:
cyan:AA
cyan_dot
cyan:green_dot
cyan_stripe
cyan:white_hexagon
darkblue
darkgreen
#ddb287:
deepskyblue:white_circle
default
Distinctive_emblem_for_cultural_property.svg|16px]]
due
education
ewd:white_stripe
E6
#E8ADAA
:F.
F
fish
fixme
fuchsia:3
#f5b342:
g
:G
Gelb
gelber
GH
Giswil
:gold_diamond
golden:
golden_web
gray
gray:
gray:A
gray_frame:white
gray:gray
gray:gray_bar
gray:J
gray:NaEr
gray:none
:gray_triangle
gray_triangle
gray:yellow_arrow
grayyellow_arrow
gree
greeen:white_wheel
gree:green_rectangle
:green
green
green:
green_
green:AC2
green:AC7
green:Ammler
green:AP
green:Appenzeller
:green_arrow
green_arrow
green:A1
green:A2
green:A5
green:A6
green:B
green_backslash
:green_bar
green_bar
green:BH
green:black
green:black_bike
green:blue
green:bridleway
green:BuWi
green:BX
green:BX02
green:CF
:green_circle
green_circle
green_circle:
green_circle;
green_circle:A1
green_circle:black
green_circle:green_horse
green_circle:M1
green_circle:M3
green_circle:M4
green_circle:1
green_circle:2
green_circle:3
green:CN
green_cobweb
:green_corner
green_corner
:green_crest
:green_cross
green:DBG
:green_diamond
green_diamond
:green_dot
green_dot
green_dot:4
Green_drop_filled.png
green:DRW
green:EWkE
green:E3
green:FEE
green:FFLP
green:fork_blue
green_frame
green_frame:
green_frame:green_bike
green_frame:IBP
green_frame:MST
green_frame:MWW
green_frame:none
green_frame:R1
green_frame:T1
green_frame:T5
green_frame:T6
green_frame:VS
green_frame:WEP
green_frame:white
green_frame:1
green:F5
green:G
green:GAC
green:Glarus
green:gray_arch
green:gray_hiker
green:green
green:green_bachslash
green:green_frame
green;green_frame;;black
green;green_frame;green_dot;black
green;green_lower;yellow
green:green-rectangle
green:green_rectnagle
green:green_round
green:Guyer-Zeller-Weg
green:GZW
green:H
:green_hexagon
green_hexagon:green
green:HF7
green_hiker
green_horse
green:HW
green:H1
green:H3
green:h4
green:IRA
green:Jakob-Stutz-Weg
green:jellow_dot
green:JVH
green:K
green:Karstspur
green:KBP
green:KVO
:green_lower
green_lower
green:M
green:MIL
green:MR
green:MU
green:MV
green:MW
green:M0
green:M1
green:M2
green:M3
green:NAM
green:NAW
green:Neckertaler
green:NEP
green:NEt
green:NHB
green:NIP
green:NKD
green:NNg
green:none
green_none:
green:NRU
green:NUR
green:N1
green:N10
green:N2
green:N6
green:N7
green:O1
green:O2
green:O3
green:O4
green:O5
green:O6
green:O7
green:O9
:green_pointer
green_pointer
green_pointer:white_fork
green:PR
green:purble
green:purple
green:R
:green_rectangle
green_rectangle
green_rectangle:A1
green_rectangle:BR
:green_rectangle_line
green:red
green:Rigi
:green_round
green_round
green_round:
green_round:black
green_round:green
green_round:M
green_round:none
green_round:S
green_round:T
green_round:15
green_round:16
green:RR
green:RWW7
green:RW7
green:R1
green:R10
green:R2
green:R3
green:S
green_slash
green:Sol
green_spider_web
green_square
green_square:white_hiker
:green_stripe
green:STW
green:S1
green:S2
green:S3
green:S4
green:T
green:Thurgauer
green:TJS
green:TL
:green_triangle
green_triangle
green_triangle:
green:TW
green_upper:yellow_lower
green:U2
green:vert
green:VR1
green:W
green:WdS
green_web
green:WFG
green:white
green:white_arrow
green:white_corner_left
green:white_foot
green:white_frame
green:white_frog
green:white_leaf
green:white_left_pointer
green:white_rider
green:white_right_pointer
green:white_sheep
green:white_strip
green:white_water_lily
green:whitgreen
green:WK
green:WLM
green:WLP
green:write_bar
green:WS
green:WWW
green:W1
green:W2
green:W3
green:W4
green:w5
green:W6
green:W7
green:W8
green:W9
:green_x
green:y
green:yellow
green:yellow_frame
Green:yellow_triangle
green:yellow_triple_dot
green:01
green:02
green:03
green:04
green:05
green:06
green:07
green:08
green:1
green:1white
green:10
green:103
green:105
green:11
green:112
green:114
green:12
green:&#127;
green&#127;:A2
green:&#127;&#127;&#127;&#127;A2
green:13
green:14
green:15
green:16
green:17
green:18
green:19
green:2
green:2.2
green:23
green:25
green:26
green:29
green:3
green:30
green:31
green:32
green:33
green:34
green:39
green:4
green:41
green:44
green:47
green:49
green:5
green:54
green:56
green:59
green:6
green:661
green:67
green:7
green:70
green:76
green:8
green:80
green:82
green:83
green:88
green:897
green:94
green:99
grey
grey:
grey:black_triangle
grey:blue_dot
grey_cobweb
:grey_diamond
grey_frame:white_bar
grey:grey_bar
grey:none
grey:red_dot
grey_spider_web
:grey_triangle
grey_web
grey:white_bar
grey:yellow_bar
grreen
GT:white
heart
:HF7
:hiker
hiker
H1:white
H2:white
H3:white
H4:white
H5:white
H6:white
indigo_stripe
:JWH
Kein
Keine
KF
l
ligh
light
light_blu:
lightblue:black_dot
lightblue_diamond:blue_dot
lightblue:red_dot
lightblue_stripe
light_blue:white_stripe
lightbrown:blue_dot
lightbrown:red_dot
lightgreen
lime:
line
losange
lwl
L01
magenta:white_circle
magenta:4.5
Männl.
maroon:
maroon:lime_bar
maroon_round:CSC
maroon_web
maroon:yellow
:mine
mine
Muntii
:NHM
no
NO
no_marker
none
none:gray_triangle
none:green_triange
none:none
none;none
none:white_horse
Nr.
NS
Nur
N10
N11
N12
N13
O:black
ol
oramge:AP
:orange
orange
orange:
orange:AHW
orange_ammonit
orange_arrow
orange:A1
orange:A2
orange:A3
orange:B
:orange_bar
orange_bar
orange:black
orange:BUN
orange:BV
orange:castle
orange:CdS
orange_circle
orange_circle:
orange:CL
orange_cobweb
orange_corner
:orange_diamond
orange_diamond
orange_diamond:black_bar
:orange_dot
orange_dot
orange_dot:white_circle
orange_dot:5
orange:E1
:orange_fork
orange_frame:
orange:F3
orange:gray_bar
orange:green
orange:green_C
orange:HF5
:orange_hiker
orange:KS
orange:Main
orange:MV
orange:N
orange:none
orange_none:
orange:O
orange:orange
orange:orange_frame
orange_orange_frame:purple_bar
orange:orange_rectangel
:orange_pointer
orange_pointer
orange_pointer:
orange_round
orange_round:
orange_round:black
orange_round:pink_pointer
orange_round:SVT
orange_round:text
orange_round:white
orange_round:2
orange_round:3
orange_round:5
orange:SL
orange:SL1
orange:SL2
orange:SL3
orange:SL4
orange:SL5
orange_spider_web
orange_square
:orange_stripe
orange:T
orange:TMV
:orange_triangle
orange_triangle
:orange_triangle_turned
orange:T2
orange:T2a
orange:V
orange_web
orange:white
orange:white_house
orange_white_orange_arch
orange:white_upper
orange:WW
orange:WWW
orange:1
orange:&#127;&#127;A2
orange:15
orange:3
orange:6
orang:none
:P
pink
:pink_bar
pink:black_dot
pink_diamond
pink:G
pink_hiker
pink:red_dot
pink:red_lower
pink:white_stripe
pink:yellow_corner
PR"
Punkt_Gelb.png
:purple
purple
purple:
purple:*
purple:-
purple:A
purple:Archeo
:purple_arrow
purple:A1
purple:A10
purple:A11
purple:A3
purple:A4
:purple_bar
purple_bar
:purple_circle
purple_circle
purple_circle:
purple_circle:black
purple_cobweb
purple:DGG
:purple_diamond
purple_diamond:blue_dot
purple_diamond:csc
:purple_dot
purple:DP
purple:FEE
purple:flower
purple_frame:
purple:GPS
purple:HMS
purple:none
purple:P
:purple_pointer
purple:purple
:purple_rectangle
purple:red_corner_left
:purple_round
purple_round
purple_round:
purple_round:none
purple:RTw
purple:RWR
purple:RWS
purple:SH
purple:SCHM
purple:SKL
purple_spider_web
purple:TKW
purple:Via
purple_web
purple:white
purple:W1
purple:08
purple:&#127;&#127;&#127;&#127;&#127;A4
purple:15
purple:3
purple:34
purple:4
purple:5
purple:8
Raute
:red
red
red:
:red_arrow
red_arrow:
red:A1
red:A2
:red_bar
red_bar
red_bar:white_lower
red_bar][[:yellow_lower]
red:BE1
red:black
red:black_horse
red:blue_corner_left
red:Boschi
red:BT
red:BTT
red:B02
red:B03
red:B1
red:B2
red:B3
red:C
red:CFL
:red_circle
red_circle
red_circle:
red_circle:black
red_circle:KS
red_circle:L8
red_circle:none
red_circle:R
red_circle:red_triangle_turned_S_purple
red_circle:S1
red_circle:S3
red_circle:TrC
red_circle:TrG
red_circle:TrP
red_circle:12
red_circle:15
red_circle:2
red_circle:3
red_cobweb
red_corner:
red_crest:SSS
:red_cross
red:C02
red:C03
red:DBT
:red_diamond
red_diamond
red_diamond:blue_dot
:red_dot
red_dot
:red_dots
red_dot:tower
red_dot:2
:red_drop
red:EKW
red:E2
red:E5
red:FA
red_frame
red_frame:
red_frame:Bijl
red_frame:KrM
red_frame:K1
red_frame:none
red_frame:red-hiker
red_frame:red_red_lower
red_frame:white
red:FT
red:FW
red:F2
red:GBD
red:gold
red:Gouw
red:gray_stripe
red:green
red:green_corner_left
red;green_frame;red_dot;black
red:green_left
red:GT
red:GWP
red:HF3
red_hiker
red:HKR
red;;Hk1;red;white
red:H2
red:H6
red:H9
red:KPH
red:Kra
red:La
red:leaf
:red_lower
red_lower:CV
red_lower:yellow_bowl
red_lower:68
red_lower:72
red:Lus
red:Lus2
red:Lus4
red:L11
red:MAR
red:MMR
red:mtb
red:M1
red:M2
red:M3
red:M4
red:M5
redn:
red:N
red:none
red:P
:red_pointer
red_pointer
red_pointer:white_stripe
red:PT
red:R
red:rabbit
red_rectangel:
:red_rectangle
red_rectangle
red_rectangle:
red_rectangle:3B
red:red
red:red_frame
red:red_redtangle
red:Red_under
red:RnZ
red:Rot
red:rouge
:red_round
red:round
red_round
red_round:
red_round:black
red_round:M
red_round:N1
red_round:N3
red_round:red_round
red_round:white
red_round:white_arrow
red_round:1
red_round:1a
red_round:10
red_round:11
red_round:12
red_round:13
red_round:15
red_round:2
red_round:3
red_round:3a
red_round:3b
red_round:4
red_round:5
red_round:6
red_round:7
red:rred
red:RWR
red:RWW6
red:R4
red:S
red:SB
red:SBB38
red:SGT
red:SLW
red_spider_web
:red_stripe
red_stripe
red:T
red:text
:red_tiangle
:red_triangle
red_triangle
red_triangle:
:red_triangle_line
red:T10
red:up
red:V
red:V4
red:W
red:WE
red_web
red/white
red:white
red:white_
red:white_and_black_castle
red:white_arrow
red:whitebar
red_white_bar:VL7A
red:white_bar458V
red:white_bicycle
red:white_corner_left
red:white_left
red:white_man
red:white_pinter
red:white_sripe
red:white_stipe
red:white_strep
red:white_strip
red:white_stripe_A47a
redwhite_stripe:GTE
red:white_stripe_G20
red:white_striper
red_white_stripe:VL4
red:white_stripe_VU2a
red:white_stripe_Z8
red.white_stripe:132
red_white_stripe:176A
red:white_stripe.208
red:white_stripe.208A
red:white_stripe.209
red:white_stripe.210
red:white_stripe.211
red:white_stripe224
red:white_stripe224B
red:white_stripe_432
red;white_stripe:717
red_white_stripe:737
red:white_stripe910B
red:white_stripr
red:white_strips
red:white_strip_101
red:white_strype20
red:white_upper
red/whitw
red:whitw_stripe
red:whitw_stripe919
red:whte
red:wite_stripe
red:withe_bar
red:withe_right
red:wnite_stripe
red:WR
red:WT
red:W2
:red_x
red_x
red:yellow_upper
red:01
red:02
red:03
red:04
red:05
red:06
red:07
red:08
red:09
red:1
red:10
red:107
red:11
red:110
red:111
red:12
red:&#127;&#127;WR
red:13
red:14
red:15
red:16
red:17
red:18
red:19
red:2
red:2M
red:20
red:22
red:23
red:24
red:28
red:3
red:3BW
red:3S
red:30
red:34
red:35
red:36
red:38
red:39
red:4
red:42
red:420
red:43
red:44
red:46
red:48
red:5
red:5KM
red:50
red:51
red:52
red:53
red:54
red:6
red:62
red:63
red:64
red:66
red:69
red:7
red:77
red:78
red:8
red:80
red:81
red:86
red:89
red:9
red:91
red:93
red:96
red:98
red:99
resurvey:CAI;Comunità
Rettangolo
ROM
Roter
Rot-Weiß
Rot/Weiß
rted:white_stripe
Rundwanderweg
RWW
R3
Segnavia
shell
:shell_modern
shell_modern
Schwarze
Schwarzer
Schwarz7_auf_gelbem_rechteck
Schwarz8_auf_gelbem_rechteck
silver_web
SVT:black
symbol
symbol=backgroundblue:foreground
symbol=black:black
symbol=black:yellow_round
symbol=blue:blue
symbol=blue:blue_round
symbol=blue_circle:
symbol=[blue:white
symbol=blue:white
Symbol_E10.png
symbol=green:green_corner
symbol=green:green_pointer
symbol=green:white
Symbol_Jakobsweg.svg
symbol=orange:white
symbol=red
symbol=red:black
symbol=red:red
symbol=red:red_pointer
symbol=red:red_round
symbol=[red:white
symbol=red:white
symbol=white:blue_dot
symbol=yellow:white
symbol=yellow:yellow
TA
Tauplitz
teal:
Text
text:black
TIE
TK7
:tower
tower
tower:black
:triangle
triangle
Tschierweg-Alexanderhütte-Millstätter
unknown
V
Valllorbe
vert:yellow_lower
violet
Vogtland-Ferienland-Route
way
wegfarbe
Wegsymbol-E3.jpg
wehite:blue_bar
Weiß
Weisse
weiße
weißer
wheite:green_dot
whie:black_bar
whihe:blue_cross
whiite:blue_diamond
whiite:grey_pointer
whiite:red_pointer
whit
whit:black_cross
:white
white
white:
white:+
white:=
white:\
white:♥
white:🌳
white:A
white:AC
:white_arrow
white:arrow
white:AW
white:A2
white:B
white:_backslash
white:_backslasch
:white_bar
white_bar
white_bar:Bi
white_bar:blue
white_bar:blue_circle
white_bar:GAB
white_bar:GAB.
white:barva_backslash
white:barva_turned_T
white_bar:21
white_bar:6A
white:BgD
white:black
white:black_anchor
white:black_arrow
whiteblack_bar
white:black_bicycle
white:black_bike
white:black_circle_large
white_black_diamond
white:black_diamont
white:black_dot_yellow_circle
white:black_drop_line
white:black_frame
white:black_horse
white:black_left_arrow
white:black_left_pointer
white:black_pointer_line
white:black_red_diamond
white:black_rider
white:black_right_arrow
white:black_T
white:black_underscore
white:black_upper
white:black_&#62;
white:blau_bar
white:blck_pointer
white:bliue_hiker
white:blue
white:blue_aqrrow
white:blue_arrow
white:blue_arrrow
white:blue_backlash
white:blue_bar_
white;blue_bar
white:blue_bar;blue
white:blue_bar;green
white:blue_bar;red
white:blue_bars
white:blue_bicycle
white:blue_blackslash
white:blue_blue_diamond
white:blue_C
white:blue_corner_left
white:blue_diamondcross
white:blue_diamont
white:blue_dot;blue
white:blue_drop
white:blue_drop_line
white:blue_fish
white:blue_frame
white:blue_gull
white:blue_house
white:blue_chapel
white:blue_left
white:blue_memorial
white:blue_miner
white:blue_pin
white:blue_right_pointer
white:blue_square
whiteblue_square
white:blue_stamp
white:blue_T
white:blue_upper
white:blue_white
white_blue_x
white:blueyellow
white:blue_+3
white:blu_lower
white:bred_turned_T
white:bridleway
white:brown
white:brown_arrow
white:brown_house
white:brown_oak_leaf
white:brown_underscore
white:brown_X
white:BT
white:B1
white:B2
white:B3
white:B4
white:B5
white:B6
white:C
:white_circle
white_circle
white_circle:
white_circle:A4
white_circle:black
white_circle:Ha3
white_circle:N
white_circle:none
white_circle:R
white_circle:RG2
white_circle:R1
white_circle:R2
white_circle:S2
white_circle:S3
white_circle:V
white_circle:yellow_up_arrow
white_cirkle:1
white:Col
white:color_backslash
white:color_bar
white:color_corner
white_corner
white:Crepes
white_cross
white:cyan_lower
white:cyan_pointer
white:cycle_green
white:D
white:darkblue_stripe
:white_diamond
white_diamond:HI
white_diamond:HII
white_diamond_line
white:diamond_right
white:Dol
white:Dolomieu
:white_dot
white_dot
white_dot:
white_dot:green_triangle
white_dot:1
white:D2
white:EBM
whitee:green_backslash
white:EW
white:E4
white:E8
white:F
white:face
white:FBS
white:Fe1
white:G
white:GDR
white:geen_bar
white:GE05
white:Glw
white:gold_pointer
white:GR
white:gray_arrow
white:gray_bar
white:gray_circle
white:gray_dot
white:gray_heaxgon
white:gray_hexagon
white:gray_pointer
white:gray_triangle_line
white:gray_upper_bowl
white:gree_dot
white:greeen_backslash
white:green
white:green_arrow
white:green_bacjslash
white:green_backlash
white:green_backshlash
white:green_backslash;yellow
white:green_bacslash
White:Green_bar
white:green_bar;blue
white:green_bar;green
white:green_bar;red
white:green_bar;yellow
white:green_baskslash
white:green_bat
white:green_bear_paw
white:green_bicycle
white:green_blackslash
white:green_C
White:green_cross
white:green_crown
white:green_diamont
white:green_dot;green
white:green_dot;yellow
white:green_drop
white:green_drop_line
white:green_foot
white:green_frame
white:green_green_backslash
white:green_house
white:green_chapel
white:green_l
white:green_leaf
white:green_left_pointer
white:Green_lower
white:green_oak_leaf
white:green_oval
white:green__pointer
white:green_rectangle_w_stripe
white:green_right_pointer
white:green_round
white:green_slah
white:green_snake
white:green_square
white:green_stripe_double
white:green_T
white:green_trangle
white:green_tree
white:green_triangel
white:green__turned_T
white:green_underscore
white:green_upper_bowl
white:green_X
white:green_x,red
white:green_Z
white:gren_dot
white:grey
white:grey_backslash
white:grey_circle
white:grey_lower
white:grey_pointer
white:GRR
white:grren_bar
white:GRS
white:GWW
white:H
white:hellow_bar
white:Hex
:white_hexagon
white:HLP
:white_horseshoe
white:HR
white:JA
white:JA6
white:K
white:Kl
white:KW
white:KWF
white:K1
white:K2
white:Lb
white:LDB
white:LES
:white_lower
white_lower
white:lower_green
white_lower:12
white:LR
white:LS
white:L10
white:L17
white:L18
white:L19
white:M
white:mauve_cross
white:MB
white:MDR
white:mtb
white:MTB
white:N
white:NEW1
white:NEW14
white:NEW2
white:NGt
white:NLP
white:nlue_hiker
white:none
white_none:orange_rectangle
white_none:red_dot
white:nordic_walking
white:NW
white:O
white:Oh!7
white:Oh!8
white:orange
white:orange_!
white:orange_arrow
white:orange_drop_line
white:orange_flower
white:orange_left_L
white:orange_left_turned_L
white:orange_right_pointer
white:orange_round
white:orange_T
white:orange_turned_L
white:orange_upper
white_:orange_upper_bowl
white:orange_X
white:P
white:papillon
white:pink_bar
white:pink_dot
white:pink_pointer
white:pink_stripe
:white_pointer
white_pointer
white_pointer:BW
white:Prà
white:prple_pointer
white:prurple_diamond
white:PS
white:puple_backslash
white:purle_pointer
white:purple
white_purple:
white:purple_arrow
white:purple_boat
white:purple_chapel
white:purple_line
white;purple_pointer
white:purple_trapezium
white:R
white:radweg
white:re_bar
white_rectangle:
white:red
white:red_arow
white:red_arrow
white;red_arrow
white:red-bar
white:red_bar;blue
white:red_bar;green
white:red_bar;red
white:red_bar;yellow
white:red_bar415
white:red_bicycle
white:red_bike
white:red_blue
white:red_castle
white:red_circle;red
white:red_cornered
white:red_corner_left
white:red_cros
white:red_crown
white:red_dot;blue
white:red_dot;red
white:red_drop
white:red_drop_line
white:red_flower
white:red_fox
white:red_frame
white:red_grape
white:red_green_bar
white:red_house
white:red_chapel
white:red_left_pointer
white:red_lowe
white:red_peak
white:red_point
white;red_pointer
white:red_pointer;green
white:red_pointer;red
white:red_polish_underground
white:red_rectangle;
white:red_right_arrow
white:red_right_pointer
white:red_round
white:red_RT
white:red_runner
white:red_s
white:red_square
white:red_T
white:red_upper
white_:red_upper_bowl
white:red_white
white:red_X
white:red_3
white:Reh
white:rgreen_bar
white:rgreen_pointer
white:Rifugio
white:rood_triangle
white:root_cross
:white_round
white_round
white_round:
white_round:bird
white_round:black
white_round:black_arrow
white_round:blu_dot
white_round:none
white_round:red_point
white_round:red_round
white_round:wp
white_round:1
white_round:3
white_round:4
white:RS
white:runner
white:RVR
white:R1a
white:R2
white:R3
white:R3a
white:R4
white:R5
white:R6
white:R7
white:R7a
white:R8
white:R9
white:S
white:Sentiero
white:SKGLB
white_square:
white:squirrel
white:Strada
white_stripe
white_stripe:D0
white_stripe:G0
white_stripe:H03
white_stripe:RCL
white_stripe:red_right
white_stripe:302
white:_T
white:T
white:teal_bar
white:Tk12
white:TMV
white:TN
white:TNII
:white_triangle
white:_triangle
white_triangle
white_triangle:
white_triangle:blue_dot
white_triangle:green_dot
white_triangle:red_dot
white_triangle:red_triangle
white:Tt
white:TT
:white_turned_T
:white_turned_V
white:two
white:U
white:ubh
white:Ü3
white:V//
white:violet_bar
white:vlue_pointer
white:VW
white:W
white:Waldachtaler
white:WdSt
white:white
white:white_green
white:white_rectagle
white:WK1
white:Woud
white:WT
white:WW
white:W1
white:W11
white:W12
white:W2
white:W5
white:W7
white:X
white:yblue_rectangle
white:yello_bar
white:yellow
white:yellow_arrow
white:yellow_ba
white:yellow_backlash
white_yellow_bar
white:yellow_bar;blue
white:yellow_bar;green
white:yellow_bar_Nefl
white:yellow_bar;red
white:yellow_bar;yellow
white:yellow_baryellow
white:yellow_bicycle
white:yellow_C
white:yellow_cicle
white:yellow_cros
white:yellow_diamand
white;yellow_diamond
white_yellow_diamond
white:yellow_diamond;blue
white:yellow_diamond;red
white:yellow_diamond_right
white:yellow_diamond;yellow
white:yellow_dimond
white:yellow_dot,
white_yellow_dot
white:yellow_dot;blue
white:yellow_dot;green
white:yellow_dot;red
white:yellow_dot;yellow
white:yellow_ear
white:yellow_FIXME_alternative
white:yellow_frame
white:yellow_goblet
white:yellow_house
white:yellow_chapel
white:yellow_left_pointer
white:yellow_pin
white:yellow_point
whiteyellow_pointer
white:yellow_rectrangle
white:yellow_rhombus
white:yellow_right_arrow
white:yellow_ring
white:yellow_round
white:yellow_runner
white:yellow_star
white:yellow_T
white:yellow_triangel
white_yellow_triangle
white:yellow_trianglediamond
white:yellow_upper
white[:yellow_x]
white:yellow_X
white:yellw_arrow
white:yelow_bar
white:ygreen_bar
white:ZG
white:1
white:10
white:100
white:11
white:12
white&#127;:Oh!8
white:13
white:14
white:17
white:18
white:2
white:2_yellow_bar
white:20
white:21
white:22
white:23
white:24
white:3
white:3a
white:3b
white:3_red_dot
white:3_yellow_dot
white:37
white:4
white:5
white:5*
white:6
white:&#60;
white:&#60;5
white:7
white:8
white:9
white:&#9;blue_dot
white:π
white:𐂂
whitr:red
whitw:green_L
whit:yellow_cross
whtie:blue_rectangle
whtie:yellow_lower
wihte:yellow_point
wite:red_stripe
withe:
withe:black_bar
withe:blue_bar
withe:M
withe:orange_diamond
withe:red_diamond
withe:yellow_backslash
withe:yellow_bar
withe:yellow_lower
with:yellow_bar
:WON1
w:white
W5:white
x
yellos:
:yellow
yellow
yellow:
yellow_
yellow:Aand
:yellow_arrow
yellow:AV
yellow:A5
yellow_backslash
:yellow_bar
yellow-bar
yellow_bar
yellow_bar:
yellow_bar:black
yellow_bar:green
:yellow_barroundtrip=yes
yellow_bar:white
yellow_bar:yellow_bar
yellow_bar:yellow_circle
yellow_bar:yellow_dot
yellow_bar:10
yellow_bar:104
yellow_bar:58
yellow:BB
yellow:black
yellow:black_bike
yellow:black_circle_line
yellow:black_horse
yellow:black_pointer_line
yellow:black_rectangleline
yellow:blau_triangle
yellow:BLP
yellow:blue
yellow:blue_arrow
yellow:blue_grape
yellow:blue_left
yellow:blue_left_arrow
yellow:blue_red_diamond
yellow:brown_hiking
yellow:BuWi
yellow:C
:yellow_circle
yellow_circle
yellow_circle:
yellow_circle:black
yellow_circle:black_arrow
yellow_circle:P10
yellow_circle:P16
yellow_circle:P18
yellow_circle:P2
yellow_circle:P20
yellow_circle:P4
yellow_circle:P6
yellow_circle:P9
:yellow_circleyellow
yellow_circle:Z
yellow_circle:1
yellow_circle:2
yellow_circle:3
yellow_circle:30
yellow_circle:31
yellow_circle:32
yellow_circle:33
yellow_circle:4
yellow_circle:5
yellow_circle:6
yellow_cobweb
:yellow_cross
yellow_cross
yellow:cyan_lower
:yellow_diamon
:yellow_diamond
yellow_diamond
yellow_diamond:blue_dot
yellow_diamond:yellow
:yellow_diamont
:yellow_dot
yellow_dot
yellow_dot:
yellow_dot:black_triangle_line
yellow_dot:blue_bar_pointer
yellow_dot:brown_bar_pointer
yellow_dot:green_bar_pointer
yellow_dot:pink_bar_pointer
yellow_dot:purple_bar_pointer
yellow_dot:red_bar_pointer
yellow_dot:yellow_bar_pointer
yellow_dot:yellow_dot
yellow_dot:1
:yellow_dyamond
yellow:E
yellow:END
yellow:Erlebnisweg
yellow:FR
yellow_frame:
yellow_frame:F
yellow_frame:GZ
yellow_frame:H
yellow_frame:HGT
yellow_frame:Themenwanderweg
yellow_frame:white
yellow_framewhite:red_rectangle_line
yellow_frame:WSW
yellow_frame:Yellow_triangle
yellow:frog
yellow:F4
yellow:geel
yellow:Gelb
yellow:gray_bar
yellow:gray_diamond
yellow:gray_slash
yellow:green
:yellow-green_F
yellow:green_up_triangle
yellow_ground:green_bowl
yellow:GtB
yellow:GTK
yellow:G2
yellow:G5
yellow:G7
yellow:H
yellow:HBB
yellow:HF1
yellow:HF6
:yellow_hiker
yellow_hiker
yellow:H2
yellow:H8
yellow:I
yellow:KKW
yellow:KL1
yellow:KL2
yellow:KL3
yellow:KL4
yellow:Kra
yellow:KVB
yellow:KwR
yellow:LfK
yellow:lightyellow_lower
:yellow_lower
yellow_lower:120
yellow:mt
yellow:mtb
yellow:MWB
yellow:NEK
yellow:NGK
yellow:none
yellow_none:
yellow:none_bar
yellow:NSV9
yellow:(o)
yellow:orange_upper
yellow:OS
yellow:Panoramaweg
:yellow_pointer
yellow_pointer
yellow_pointer:
yellow:PR
yellow:PR-A
yellow:PT
yellow:R
:yellow_rectangle
yellow_rectangle
yellow_rectangle:
:yellow_rectangle_line
yellow_rectangle_line
yellow:red
yellow:red_
yellow:red_arrow
yellow:red_blue_diamond
yellow:red_corner_left
yellow:red_under
yellow:re_lower
:yellow_right_pointer
:yellow_round
yellow_round
yellow_round:
yellow_round:black
yellow_round:G
yellow_round:none
yellow_round:white
yellow_round:yellow
yellow_round:yellow_round
yellow_round:10C
yellow_round:12
yellow_round:2D
yellow_round:2E
yellow_round:35
yellow_round:5
yellow:RWA
yellow:R1
yellow:R10
yellow:R2
yellow:R4
yellow:R5
yellow:S
yellow:SEI
yellow_shell
yellow_slash
yellow:SMQ
yellow:SMR
yellow_spider_web
yellow:ST
:yellow_stripe
yellow_stripe
yellow:SW
yellow:SWU
yellow:TAU
yellow_track
:yellow_tree
:yellow_triangle
yellow_triangle
:yellow_triangle_line
:yellow_triangle_turned
yellow_triangle_turned
yellow_triangle_turned:
:yellow_turned_T
yellow:V3
yellow:WA
yellow_web
yellow:white
yellow:white_arrow
yellow:white_bicycle
yellow:white_black_diamond
yellow:white_blue_diamond
yellow:white_pinter
yellow:white_red_diamond
yellow:white_upper
yellow;white;yellow_bar
yellow:Wildkräuterweg
yellow:WW
:yellow_x
yellow_x
yellow:yellow
yellow_yellow_frame:purple_bar
yellow:yellow_rectangle1
yellow:yellow.51
yellow:YT
yellow:1
yellow:10
yellow:11
yellow:13
yellow:14
yellow:16
yellow:18
yellow:19
yellow:2
yellow:2KM
yellow:20
yellow:21
yellow:24
yellow:278
yellow:3
yellow:31
yellow:34
yellow:35
yellow:35A
yellow:38
yellow:4
yellow:4SWK
yellow:40
yellow:41
yellow:441
yellow:442
yellow:443
yellow:444
yellow:447
yellow:45
yellow:47
yellow:49
yellow:5
yellow:51
yellow:55
yellow:59
yellow:6
yellow:60
yellow:7
yellow:77
yellow:78
yellow:8
yellow:80
yellow:9
yellw_round:
yeloow:yeloow_bar
yllow:red_lower
Z:black
Z0:black
Z00:black
#0c7570:white_arrow
#00ffff:
#00FFFF
#00ffff:green_dot
#00ffff:purple_dot
#008bcc
#008080:
011:black
11:black
:12
#122164:white_arrow
&#127;&#127;&#127;black:5
136
:17
:18
19:black
:2
2
2:black
2010-01-01
:21
:22
:24
273C
3:black
3pon
3pts
3:yellow
:4
#40E0D0
#4169e1:
:5
5RV
7BT
#7c136f:white_arrow
719A
#8EBE5F:#8EBE5F
#800000:
#800000_circle:
#888888
