
*
:
:^
="
??:
[...]
⌘
:ammonit
aqua
aqua:
aqua:blue_dot
aqua:orange_dot
aqua:purple_dot
aqua:white_bar
azul:CLD2
azul:CLD3
azul:CLD4
azul:CLD5
azure:blue_dot
azure:green_dot
azure:orange_dot
azure:purple_dot
azure:violet_dot
A2:white
background:red_x
Bea
bee
bigtree
black
black:
black:-
black:^
black:~
black:A1
black:A10
black:A2
black:A3
black:A4
black:A5
black:A6
:black_bar
black_bar
black:black
black:black_Rectangle
black:Black-rectangle
black:black_retangle
blackblue_bar
black:BR
black:BUS
black:BzB
black:B4
black:B5
black:B6
:black_circle
black_circle
black_circle:
black_circle:A
black_circle:B
black_circle:black_horse
black_circle:celtic_head
black_circle:L8
black_circle:red_rat
black_circle:white
black_circle:25
:black_corcle
:black_cross
black:D
black:Delta
black:DH
black_diamond
black_diamond:white_diamond
:black_dot
black_dot
black:E
black:E8
black_frame:
black_frame:none
black:GEO
black:GLH
black:green
black:green_low
black:grey_bar
black:GRG
black:G1
black_hiker
black:HT
black:HW
black:H0
black:H1
black:H10
black:H12
black:H2
black:H3
black:H4
black:H5
black:H6
black:H7
black:H8
black:H9
black:J
black:KKS
black:KwR
black:M
black:N
black:NaEr
black:none
black:pink_bar
black:pink_hiker
:black_pointer
black_pointer
black_pointer_line:K
black:PW
black_round:
black_round:white
black:R3
black:S
black:SH
black:SKH
black:Sli_square
black:ST
:black_stripe
black_triangle_turned:
black:U
black:WFP
black:whie_diamond_line
black:white
black:white_arrow
black;white;red_rectangle
black:white_square
black:white_wolfshook
black:wolfshook
black:WT
black:WWJ
black:W1
black:W2
black:W3
:black_x
black:X
black:X28
black:X7
black:X8
black:yellow
black:16
black:19
black:2
black:22
black:3
black:&#34;~&#34;
black:5
black:&#60;6&#62;
blau-gelb-blau
blau:schwarz
Blau-weis
:blue
bl;ue:
blue
blue:
:blue_arrow
blue:AW65
blue:A1
blue:A4
blue:B
:blue_bar
blue_bar
blue_bar:blue_bar
blue_bar:green_lower
blue_bar:RBW
blue:Ba1
blue:blue
blue:blue_frame
blueblue:GRW
blue:blue_recangle
blue:bluerectangle
blue;blue/white;white;W;gray
blue:Buit
:blue_circle
blue_circle
blue_circle:
blue_circle:A
blue_circle:B
blue_circle;blue_dot
blue_circle:GL
blue_circle:L8
blue_circle:L9
bluecircle:Nellele-Rundweg
blue_circle:17
blue_cross
blue:DHB
:blue_diamond
blue_diamond
blue_diamond:blue_dot
blue_diamond_line:grey_diamond
blue_diamond_line:white_diamond
:blue_dot
blue_dot
blue_dot:
blue_dot:blue_dot
blue_dot:3
blue_drop
blue:E-R6
blue_fork
blue_frame
blue_frame:
blue_frame:Bijl
blue_frame:Gag
blue_frame:white
blue_frame:2T
blue_frame:5WT
blue:FT
blue:F3
blue:GF
blue:gray_bar
blue:gree_lower
blue:green_frog
bluegreen:white
blue:HBW
blue:HF8
blue:H-G
blue_hiker
blue:HW
blue:H10
blue:H5
blue:ICT
blue:KARA
blue:KLW
blue:KR
blue:KWO
blue:K1
blue:LA
blue:LDt
:blue_lower
blue:LP
blue:L8
blue:MPf
blue:NGg
blue:NHS
blue:NLS
blue:NNk
blue:none
blue:NSS
blue:NTW
blue:orange
blue:OZW
blue:planet
blue:PO
:blue_pointer
blue_pointer
blue:PP
blue:PW
blue:R
:blue_rectangle
blue_rectangle
blue_rectangle:
blue_rectangle:GT
blue_rectangle:HB
blue_rectangle:planet
blue_rectangle:SPxx
blue_rectangle:SP110
blue_rectangle:SP159
blue_rectangle:SP35
blue_rectangle:SP52
blue_rectangle:SP78
blue_rectangle:XX###
:blue_round
blue_round
blue_round:
blue_round:B
blue_round:black
blue_round:blue_round
blue_round:nonde
blue_round:none
blue_round:white
blue_round:ZHL
blue_round:12
blue_round:2
blue_round:7
blue_round:8
blue:RWW1
blue:R13
blue:S
blue:SHK
blue:SKT
blue:SlR
blue:STK
:blue_stripe
blue_stripe
:blue_triangle
blue_triangle:
:blue_triangle_line
blue_triangle_line:2
blue_triangle_line:9
blue_triangle_turned
blue_triangle_turned:
blue:TWR
blue:V5
blue:W
blue:WA
blue:WBw
blue_web
blue:Wew
blue:WG
:blue_wheelchair
blue:white
blue_white_bar
blue:white_star
blue:WWW
:blue_x
blue_x
blue:yellow
blue:ZU
blue:10
blue:1.4
blue:2
blue:3
blue:3KM
blue:3.9
blue:★4
blue:4
blue:80
blue:9
blu:red_bar
blu:white_bar
blu:yellow_bar
braun:none
bridleway
brown
brown:
brown:AL
brown:A2
brown:A5
:brown_bar
brown_bar
brown:black
brown:Blender-Tour
brown:brown
brown:brownR
brown:castle
brown_circle:
:brown_diamond
brown_dot:
brown:EA
brown:F1
brown:G
:brown_hiker
brown:H1
brown:none
brown:PL
:brown_pointer
brown:RKr
brown_round
:brown_signpost
brown:SNP
brown:V1
brown:W
brown:WBT
brown:white
brown;white;black_ammonit
brown;white;brown;L
brown_white:pointer
brown:white_round
brown:WLP
brown;yellow;brown_pointer
brown:yellow_frame
brown:1
brown:15
brown:3
brown:6
C:blue
cc:black
ciolet:O
cyan:
cyan:AA
cyan_dot
cyan:green_dot
cyan_stripe
darkblue
#ddb287:
deepskyblue:white_circle
default
Distinctive_emblem_for_cultural_property.svg|16px]]
due
education
ewd:white_stripe
E6
#E8ADAA
:F.
fish
fixme
fuchsia:3
g
:G
Gelb
GH
Giswil
golden:
golden_web
gray
gray:
gray:gray_bar
gray:NaEr
gray:none
:gray_triangle
gray_triangle
gree
gree:green_rectangle
:green
green
green:
green:Ammler
green:AP
green:Appenzeller
:green_arrow
green:A1
green:A2
green:A5
green:A6
green:B
green_backslash
:green_bar
green_bar
green:BH
green:black
green:black_bike
green:blue
:green_circle
green_circle
green_circle:
green_circle:A1
green_circle:black
green_circle:green_horse
green_circle:M1
green_circle:M3
green_circle:M4
green:CN
:green_corner
green_corner
:green_cross
:green_diamond
green_diamond
:green_dot
green_dot
green_dot:4
Green_drop_filled.png
green:DRW
green:EWkE
green:fork_blue
green_frame
green_frame:
green_frame:green_bike
green_frame:IBP
green_frame:MST
green_frame:MWW
green_frame:none
green_frame:R1
green_frame:T1
green_frame:T5
green_frame:T6
green_frame:VS
green_frame:WEP
green_frame:white
green_frame:1
green:F5
green:G
green:Glarus
green:green
green:green_bachslash
green:green_frame
green;green_frame;green_dot;black
green:green-rectangle
green:green_rectnagle
green:green_round
green:Guyer-Zeller-Weg
green_hexagon:green
green:HF7
green_hiker
green_horse
green:HW
green:H1
green:H3
green:h4
green:IRA
green:Jakob-Stutz-Weg
green:jellow_dot
green:Karstspur
green:KBP
green:KVO
:green_lower
green_lower
green:M
green:MIL
green:MR
green:MU
green:M1
green:M2
green:M3
green:NAM
green:NAW
green:Neckertaler
green:NEP
green:NEt
green:NHB
green:NKD
green:NNg
green:none
green:NRU
green:NUR
green:N1
green:N10
green:N2
green:N6
green:N7
green:O1
green:O2
green:O3
green:O4
green:O5
green:O6
green:O7
green:O9
:green_pointer
green_pointer
green_pointer:white_fork
green:purble
green:purple
green:R
:green_rectangle
green_rectangle
green_rectangle:A1
green_rectangle:BR
:green_rectangle_line
green:red
green:Rigi
:green_round
green_round
green_round:
green_round:black
green_round:green
green_round:M
green_round:15
green_round:16
green:RR
green:RWW7
green:RW7
green:R1
green:R10
green:R2
green:R3
green_slash
green:Sol
green_square
:green_stripe
green:STW
green:S1
green:S2
green:S3
green:S4
green:Thurgauer
green:TJS
green:TL
:green_triangle
green_triangle
green_triangle:
green:TW
green:U2
green:W
green:WdS
green_web
green:WFG
green:white
green:white_foot
green:white_frame
green:white_leaf
green:white_rider
green:white_sheep
green:white_strip
green:whitgreen
green:WK
green:WLM
green:WLP
green:write_bar
green:WWW
green:W4
green:w5
green:W6
green:W7
green:W8
green:W9
:green_x
green:yellow
green:yellow_frame
Green:yellow_triangle
green:1
green:10
green:&#127;
green&#127;:A2
green:&#127;&#127;&#127;&#127;A2
green:16
green:2
green:2.2
green:3
green:39
green:4
green:7
green:8
green:897
grey
grey:
grey:black_triangle
grey:blue_dot
:grey_diamond
grey_frame:white_bar
grey:grey_bar
grey:none
grey:red_dot
grey:white_bar
grreen
heart
:HF7
:hiker
hiker
indigo_stripe
:JWH
Kein
Keine
KF
l
light
light_blu:
lightblue:black_dot
lightblue_diamond:blue_dot
lightblue:red_dot
lightblue_stripe
lightbrown:blue_dot
lightbrown:red_dot
lightgreen
line
losange
lwl
L01
magenta:4.5
Männl.
maroon:
maroon:lime_bar
maroon_round:CSC
maroon_web
:mine
mine
Muntii
:NHM
no
no_marker
none
none:gray_triangle
none:green_triange
none:none
none;none
none:white_horse
Nr.
Nur
O:black
oramge:AP
:orange
orange
orange:
orange:AHW
orange_arrow
orange:A1
orange:A2
orange:A3
:orange_bar
orange_bar
orange:black
orange:BUN
orange_circle
orange_circle:
orange:CL
:orange_diamond
orange_diamond
orange_diamond:black_bar
:orange_dot
orange_dot
orange_dot:5
orange:E1
:orange_fork
orange_frame:
orange:F3
orange:gray_bar
orange:green
orange:HF5
orange:KS
orange:Main
orange:N
orange:none
orange:O
orange:orange
orange:orange_rectangel
:orange_pointer
orange_pointer
orange_pointer:
orange_round
orange_round:
orange_round:black
orange_round:pink_pointer
orange_round:2
orange_round:3
orange_round:5
orange:SL
orange:SL1
orange:SL2
orange:SL3
orange:SL4
orange:SL5
:orange_stripe
orange_triangle
:orange_triangle_turned
orange:white
orange_white_orange_arch
orange:white_upper
orange:WWW
orange:1
orange:&#127;&#127;A2
orange:15
orange:6
orang:none
pink
:pink_bar
pink:black_dot
pink_diamond
pink:red_dot
pink:red_lower
pink:white_stripe
PR"
Punkt_Gelb.png
:purple
purple
purple:
purple:*
purple:-
purple:Archeo
purple:A1
purple:A10
purple:A11
purple:A3
purple:A4
:purple_bar
purple_circle
purple_circle:
purple_circle:black
purple:DGG
:purple_diamond
purple_diamond:blue_dot
purple_diamond:csc
:purple_dot
purple:DP
purple:flower
purple_frame:
purple:GPS
purple:HMS
purple:none
purple:P
:purple_pointer
purple:purple
:purple_rectangle
:purple_round
purple_round
purple_round:
purple:RTw
purple:RWR
purple:RWS
purple:SH
purple:SCHM
purple:SKL
purple:TKW
purple_web
purple:white
purple:W1
purple:08
purple:15
purple:3
purple:34
purple:4
purple:5
purple:8
Raute
:red
red
red:
:red_arrow
red_arrow:
red:A1
red:A2
:red_bar
red_bar
red_bar:white_lower
red_bar][[:yellow_lower]
red:BE1
red:black
red:black_horse
red:Boschi
red:BT
red:BTT
red:B1
red:B2
red:B3
red:CFL
:red_circle
red_circle
red_circle:
red_circle:black
red_circle:L8
red_circle:R
red_circle:red_triangle_turned_S_purple
red_circle:S1
red_circle:S3
red_circle:TrC
red_circle:TrG
red_circle:TrP
red_circle:12
red_circle:15
red_circle:2
red_circle:3
red_corner:
red_crest:SSS
red:DBT
:red_diamond
red_diamond
red_diamond:blue_dot
:red_dot
red_dot
red_dot:tower
red_dot:2
:red_drop
red:EKW
red:FA
red_frame
red_frame:
red_frame:Bijl
red_frame:KrM
red_frame:K1
red_frame:none
red_frame:red_red_lower
red:FT
red:FW
red:F2
red:GBD
red:gold
red:Gouw
red:gray_stripe
red;green_frame;red_dot;black
red:GT
red:GWP
red:HF3
red_hiker
red:HKR
red;;Hk1;red;white
red:H2
red:H6
red:H9
red_lower:yellow_bowl
red_lower:68
red_lower:72
red:Lus
red:Lus2
red:Lus4
red:L11
red:MMR
red:mtb
red:M1
red:M2
red:N
red:none
red:P
:red_pointer
red_pointer
red_pointer:white_stripe
red:PT
red:R
red_rectangel:
:red_rectangle
red_rectangle:
red_rectangle:3B
red:red
red:red_redtangle
red:Red_under
red:RnZ
red:Rot
:red_round
red_round
red_round:
red_round:black
red_round:M
red_round:N1
red_round:N3
red_round:red_round
red_round:white
red_round:white_arrow
red_round:1
red_round:13
red_round:2
red_round:6
red:rred
red:RWR
red:RWW6
red:R4
red:S
red:SB
red:SBB38
red:SGT
red:SLW
:red_stripe
red_stripe
red:T
:red_tiangle
:red_triangle
red_triangle
red_triangle:
red:up
red:V4
red:W
red:WE
red/white
red:white
red:white_
red:whitebar
red_white_bar:VL7A
red:white_bicycle
red:white_man
red:white_pinter
red:white_sripe
red:white_stipe
red:white_strep
red:white_strip
red:white_stripe_A47a
redwhite_stripe:GTE
red:white_stripe_G20
red:white_striper
red_white_stripe:VL4
red:white_stripe_VU2a
red:white_stripe_Z8
red.white_stripe:132
red_white_stripe:176A
red_white_stripe:737
red:white_stripr
red:white_strype20
red/whitw
red:wite_stripe
red:withe_bar
red:WR
red:WT
:red_x
red_x
red:1
red:11
red:12
red:2
red:2M
red:3
red:3BW
red:3S
red:4
red:5
red:5KM
red:7
red:8
red:9
ROM
Roter
Rot-Weiß
Rot/Weiß
rted:white_stripe
Rundwanderweg
RWW
R3
shell
:shell_modern
shell_modern
Schwarze
Schwarzer
Schwarz7_auf_gelbem_rechteck
Schwarz8_auf_gelbem_rechteck
silver_web
symbol
symbol=black:black
symbol=blue:blue
symbol=blue:blue_round
symbol=blue:white
Symbol_E10.png
symbol=green:green_corner
symbol=green:white
Symbol_Jakobsweg.svg
symbol=orange:white
symbol=red
symbol=red:black
symbol=red:red
symbol=red:red_round
symbol=red:white
symbol=yellow:white
symbol=yellow:yellow
TA
Tauplitz
teal:
Text
text:black
TIE
TK7
:tower
tower
tower:black
triangle
Tschierweg-Alexanderhütte-Millstätter
unknown
Valllorbe
violet
way
wegfarbe
Wegsymbol-E3.jpg
wehite:blue_bar
Weiß
Weisse
weiße
wheite:green_dot
whihe:blue_cross
whiite:blue_diamond
whiite:grey_pointer
whit
whit:black_cross
:white
white
white:
white:+
white:=
white:\
white:♥
white:A
white:AC
:white_arrow
white:AW
white:A2
white:B
white:_backslash
white:_backslasch
:white_bar
white_bar
white_bar:Bi
white_bar:blue
white_bar:blue_circle
white_bar:GAB
white_bar:GAB.
white:barva_backslash
white:barva_turned_T
white_bar:21
white:BgD
white:black
white:black_anchor
whiteblack_bar
white:black_bicycle
white:black_bike
white:black_circle_large
white_black_diamond
white:black_drop_line
white:black_frame
white:black_horse
white:black_pointer_line
white:black_red_diamond
white:black_rider
white:black_T
white:black_&#62;
white:blau_bar
white:blue
white:blue_backlash
white:blue_bar_
white;blue_bar
white:blue_bar;green
white:blue_bars
white:blue_bicycle
white:blue_blackslash
white:blue_blue_diamond
white:blue_C
white:blue_diamont
white:blue_drop
white:blue_drop_line
white:blue_fish
white:blue_frame
white:blue_gull
white:blue_house
white:blue_chapel
white:blue_memorial
white:blue_miner
white:blue_stamp
white:blue_T
white:blue_white
white:blueyellow
white:blu_lower
white:bred_turned_T
white:bridleway
white:brown
white:brown_arrow
white:brown_oak_leaf
white:brown_X
white:BT
white:B1
white:B2
white:B3
white:B4
white:B5
white:B6
:white_circle
white_circle
white_circle:
white_circle:A4
white_circle:Ha3
white_circle:N
white_circle:none
white_circle:R
white_circle:RG2
white_circle:R1
white_circle:R2
white_circle:S2
white_circle:S3
white_circle:V
white_cirkle:1
white:color_backslash
white:color_bar
white:color_corner
white_corner
white:cyan_lower
white:cyan_pointer
white:cycle_green
white:D
white:darkblue_stripe
:white_diamond
white_diamond:HI
white_diamond:HII
white_diamond_line
white:Dol
:white_dot
white_dot
white_dot:
white_dot:green_triangle
white_dot:1
white:D2
white:EBM
whitee:green_backslash
white:EW
white:E4
white:F
white:face
white:FBS
white:Fe1
white:G
white:GDR
white:geen_bar
white:GE05
white:Glw
white:gold_pointer
white:GR
white:gray_pointer
white:green
white:green_arrow
white:green_bacjslash
white:green_backshlash
white:green_bacslash
White:Green_bar
white:green_bat
white:green_bicycle
white:green_blackslash
White:green_cross
white:green_diamont
white:green_drop
white:green_drop_line
white:green_foot
white:green_frame
white:green_green_backslash
white:green_chapel
white:green_leaf
white:green_oak_leaf
white:green_oval
white:green_rectangle_w_stripe
white:green_round
white:green_slah
white:green_snake
white:green_square
white:green_stripe_double
white:green_T
white:green_tree
white:green_triangel
white:green_X
white:green_Z
white:gren_dot
white:grey
white:grey_backslash
white:grey_circle
white:grey_pointer
white:GRR
white:grren_bar
white:GRS
white:GWW
white:H
white:hellow_bar
white:Hex
white:HLP
:white_horseshoe
white:HR
white:JA6
white:K
white:Kl
white:KW
white:KWF
white:K1
white:K2
white:Lb
white:LDB
white:LES
:white_lower
white_lower
white:lower_green
white_lower:12
white:LS
white:L17
white:L18
white:L19
white:M
white:MB
white:MDR
white:mtb
white:N
white:NEW1
white:NEW14
white:NEW2
white:NGt
white:NLP
white:nlue_hiker
white:none
white:nordic_walking
white:NW
white:O
white:Oh!7
white:Oh!8
white:orange_flower
white:orange_round
white:P
white:papillon
white:pink_bar
white:pink_dot
white:pink_stripe
:white_pointer
white_pointer
white_pointer:BW
white:prurple_diamond
white:PS
white:puple_backslash
white:purle_pointer
white:purple
white_purple:
white:purple_boat
white:purple_chapel
white;purple_pointer
white:purple_trapezium
white:R
white:radweg
white:re_bar
white_rectangle:
white:red
white:red_arrow
white:red-bar
white:red_bar;green
white:red_bicycle
white:red_bike
white:red_castle
white:red_crown
white:red_drop
white:red_drop_line
white:red_flower
white:red_fox
white:red_frame
white:red_grape
white:red_green_bar
white:red_house
white:red_chapel
white:red_peak
white:red_polish_underground
white:red_rectangle;
white:red_round
white:red_RT
white:red_runner
white:red_T
white:red_white
white:red_X
white:red_3
white:Reh
white:rgreen_bar
white:rgreen_pointer
white:rood_triangle
white:root_cross
:white_round
white_round
white_round:
white_round:bird
white_round:black
white_round:blu_dot
white_round:wp
white_round:1
white_round:3
white_round:4
white:RS
white:runner
white:RVR
white:R1a
white:R2
white:R3
white:R3a
white:R4
white:R5
white:R6
white:R7
white:R7a
white:R8
white:R9
white:S
white:SKGLB
white_square:
white:squirrel
white_stripe
white_stripe:D0
white_stripe:G0
white_stripe:H03
white_stripe:RCL
white_stripe:red_right
white_stripe:302
white:_T
white:T
white:Tk12
white:TN
white:TNII
:white_triangle
white:_triangle
white_triangle
white_triangle:
white_triangle:blue_dot
white_triangle:green_dot
white_triangle:red_triangle
white:Tt
white:TT
:white_turned_T
:white_turned_V
white:two
white:ubh
white:Ü3
white:V//
white:violet_bar
white:vlue_pointer
white:VW
white:W
white:Waldachtaler
white:WdSt
white:white
white:white_green
white:WK1
white:Woud
white:WT
white:WW
white:W1
white:W11
white:W12
white:W2
white:W5
white:W7
white:X
white:yblue_rectangle
white:yello_bar
white:yellow
white:yellow_backlash
white_yellow_bar
white:yellow_bar_Nefl
white:yellow_baryellow
white:yellow_bicycle
white:yellow_cicle
white:yellow_cros
white:yellow_diamand
white;yellow_diamond
white_yellow_diamond
white:yellow_diamond;blue
white:yellow_dimond
white:yellow_dot,
white:yellow_FIXME_alternative
white:yellow_goblet
white:yellow_house
white:yellow_chapel
white:yellow_point
whiteyellow_pointer
white:yellow_rectrangle
white:yellow_rhombus
white:yellow_ring
white:yellow_round
white:yellow_runner
white:yellow_star
white:yellow_triangel
white_yellow_triangle
white[:yellow_x]
white:yellow_X
white:yelow_bar
white:ygreen_bar
white:1
white:10
white:100
white:11
white:12
white&#127;:Oh!8
white:13
white:14
white:2
white:2_yellow_bar
white:3
white:3a
white:3b
white:3_red_dot
white:3_yellow_dot
white:37
white:4
white:5
white:6
white:&#60;
white:&#60;5
white:7
white:8
white:9
white:π
white:𐂂
whit:yellow_cross
whtie:blue_rectangle
whtie:yellow_lower
wihte:yellow_point
wite:red_stripe
withe:
withe:black_bar
withe:blue_bar
withe:M
withe:orange_diamond
withe:red_diamond
withe:yellow_bar
withe:yellow_lower
with:yellow_bar
:WON1
w:white
W5:white
x
yellos:
:yellow
yellow
yellow:
yellow:Aand
yellow:AV
yellow:A5
yellow_backslash
:yellow_bar
yellow-bar
yellow_bar
yellow_bar:
yellow_bar:black
yellow_bar:green
yellow_bar:white
yellow_bar:yellow_bar
yellow_bar:yellow_circle
yellow_bar:yellow_dot
yellow_bar:10
yellow_bar:104
yellow_bar:58
yellow:BB
yellow:black
yellow:black_bike
yellow:black_horse
yellow:blau_triangle
yellow:BLP
yellow:blue
yellow:blue_grape
yellow:blue_red_diamond
yellow:brown_hiking
yellow:BuWi
yellow:C
:yellow_circle
yellow_circle
yellow_circle:
yellow_circle:black_arrow
yellow_circle:P10
yellow_circle:P16
yellow_circle:P18
yellow_circle:P2
yellow_circle:P20
yellow_circle:P4
yellow_circle:P6
yellow_circle:P9
yellow_circle:1
yellow_circle:2
yellow_circle:3
yellow_circle:30
yellow_circle:31
yellow_circle:32
yellow_circle:33
yellow_circle:4
yellow_circle:5
yellow_circle:6
:yellow_cross
yellow_cross
yellow:cyan_lower
:yellow_diamon
:yellow_diamond
yellow_diamond
yellow_diamond:blue_dot
yellow_diamond:yellow
:yellow_diamont
:yellow_dot
yellow_dot
yellow_dot:
yellow_dot:black_triangle_line
yellow_dot:blue_bar_pointer
yellow_dot:brown_bar_pointer
yellow_dot:green_bar_pointer
yellow_dot:pink_bar_pointer
yellow_dot:purple_bar_pointer
yellow_dot:red_bar_pointer
yellow_dot:yellow_bar_pointer
yellow_dot:yellow_dot
yellow_dot:1
:yellow_dyamond
yellow:END
yellow:FR
yellow_frame:
yellow_frame:F
yellow_frame:GZ
yellow_frame:H
yellow_frame:HGT
yellow_frame:Themenwanderweg
yellow_framewhite:red_rectangle_line
yellow_frame:WSW
yellow_frame:Yellow_triangle
yellow:F4
yellow:geel
yellow:Gelb
yellow:gray_bar
yellow:gray_diamond
yellow:green
yellow:green_up_triangle
yellow_ground:green_bowl
yellow:GtB
yellow:GTK
yellow:G2
yellow:G5
yellow:G7
yellow:HBB
yellow:HF1
yellow:HF6
:yellow_hiker
yellow:H2
yellow:H8
yellow:I
yellow:KKW
yellow:KL1
yellow:KL2
yellow:KL3
yellow:KL4
yellow:KVB
yellow:KwR
yellow:LfK
yellow:lightyellow_lower
:yellow_lower
yellow_lower:120
yellow:mt
yellow:mtb
yellow:MWB
yellow:NEK
yellow:NGK
yellow:none
yellow:none_bar
yellow:NSV9
yellow:(o)
yellow:OS
:yellow_pointer
yellow_pointer
yellow_pointer:
yellow:PR
yellow:PR-A
yellow:PT
yellow:R
:yellow_rectangle
yellow_rectangle
:yellow_rectangle_line
yellow_rectangle_line
yellow:red
yellow:red_
yellow:red_blue_diamond
yellow:red_under
yellow:re_lower
:yellow_round
yellow_round
yellow_round:
yellow_round:black
yellow_round:yellow
yellow_round:yellow_round
yellow_round:10C
yellow_round:12
yellow_round:2D
yellow_round:2E
yellow_round:35
yellow_round:5
yellow:RWA
yellow:R1
yellow:R10
yellow:R2
yellow:R4
yellow:R5
yellow:S
yellow:SEI
yellow_shell
yellow_slash
yellow:SMR
yellow:ST
:yellow_stripe
yellow_stripe
yellow:SW
yellow:SWU
yellow:TAU
yellow_track
:yellow_tree
:yellow_triangle
yellow_triangle
:yellow_triangle_line
yellow_triangle_turned
yellow_triangle_turned:
yellow:V3
yellow:WA
yellow:white
yellow:white_bicycle
yellow:white_black_diamond
yellow:white_blue_diamond
yellow:white_pinter
yellow:white_red_diamond
yellow:white_upper
yellow:Wildkräuterweg
yellow:WW
:yellow_x
yellow_x
yellow:yellow
yellow:yellow_rectangle1
yellow:yellow.51
yellow:1
yellow:10
yellow:11
yellow:13
yellow:14
yellow:16
yellow:18
yellow:19
yellow:2
yellow:2KM
yellow:20
yellow:21
yellow:24
yellow:278
yellow:3
yellow:4
yellow:4SWK
yellow:441
yellow:442
yellow:443
yellow:444
yellow:447
yellow:5
yellow:6
yellow:7
yellow:77
yellow:78
yellow:8
yellow:80
yellw_round:
yeloow:yeloow_bar
Z0:black
Z00:black
#0c7570:white_arrow
#00ffff:
#00ffff:green_dot
#00ffff:purple_dot
#008bcc
#008080:
011:black
11:black
#122164:white_arrow
136
2
2:black
2010-01-01
273C
3:black
3:yellow
:4
#40E0D0
#4169e1:
7BT
#7c136f:white_arrow
719A
#8EBE5F:#8EBE5F
#800000:
#800000_circle:
#888888
